\set ECHO none
 add_provenance 
----------------
 
(1 row)

 attname | typname 
---------+---------
 n       | int4
 provsql | uuid
(2 rows)

