\set ECHO none
ERROR:  Not an independent circuit
 remove_provenance 
-------------------
 
(1 row)

   city   | prob 
----------+------
 Berlin   | 0.82
 New York | 0.28
 Paris    | 0.86
(3 rows)

