\set ECHO none
 add_provenance 
----------------
 
(1 row)

 add_provenance 
----------------
 
(1 row)

 remove_provenance 
-------------------
 
(1 row)

 f  
----
 42
(1 row)

