\set ECHO none
 id | name | position | city | classification | provsql 
----+------+----------+------+----------------+---------
(0 rows)

 id | name | position | city | classification | provsql 
----+------+----------+------+----------------+---------
(0 rows)

