\set ECHO none
ERROR:  provenance() called on a table without provenance
