\set ECHO none
 remove_provenance 
-------------------
 
(1 row)

 id | prob 
----+------
  1 |  0.1
  2 |  0.2
  3 |  0.3
  4 |  0.4
  5 |  0.5
  6 |  0.6
  7 |  0.7
(7 rows)

